#-----------------------------------------------------------
# Vivado v2018.3 (64-bit)
# SW Build 2405991 on Thu Dec  6 23:36:41 MST 2018
# IP Build 2404404 on Fri Dec  7 01:43:56 MST 2018
# Start of session at: Wed Sep 30 15:29:46 2020
# Process ID: 23738
# Current directory: /home/ugrad/repo/gateware/AddDivideChop
# Command line: vivado
# Log file: /home/ugrad/repo/gateware/AddDivideChop/vivado.log
# Journal file: /home/ugrad/repo/gateware/AddDivideChop/vivado.jou
#-----------------------------------------------------------
start_gui
open_project /home/ugrad/repo/gateware/AddDivideChop/average_ip/average_ip.xpr
launch_simulation
source down_avg_tb.tcl
relaunch_sim
relaunch_sim
relaunch_sim
relaunch_sim
relaunch_sim
relaunch_sim
relaunch_sim
set_property SOURCE_SET sources_1 [get_filesets sim_1]
add_files -fileset sim_1 -norecurse -scan_for_includes /home/ugrad/repo/gateware/AddDivideChop/growing_avg.vhd
import_files -fileset sim_1 -norecurse /home/ugrad/repo/gateware/AddDivideChop/growing_avg.vhd
update_compile_order -fileset sim_1
file mkdir /home/ugrad/repo/gateware/AddDivideChop/average_ip/average_ip.srcs/sim_1/new
set_property SOURCE_SET sources_1 [get_filesets sim_1]
close [ open /home/ugrad/repo/gateware/AddDivideChop/average_ip/average_ip.srcs/sim_1/new/down_avg_2_tb.sv w ]
add_files -fileset sim_1 /home/ugrad/repo/gateware/AddDivideChop/average_ip/average_ip.srcs/sim_1/new/down_avg_2_tb.sv
update_compile_order -fileset sim_1
update_compile_order -fileset sim_1
update_compile_order -fileset sim_1
update_compile_order -fileset sim_1
# Disabling source management mode.  This is to allow the top design properties to be set without GUI intervention.
set_property source_mgmt_mode None [current_project]
set_property top down_avg_2_tb [get_filesets sim_1]
set_property top_lib xil_defaultlib [get_filesets sim_1]
# Re-enabling previously disabled source management mode.
set_property source_mgmt_mode All [current_project]
update_compile_order -fileset sim_1
relaunch_sim
relaunch_sim
remove_forces { {/down_avg_tb/rst} {/down_avg_tb/ready} {/down_avg_tb/valid} {/down_avg_tb/x1} {/down_avg_tb/x2} }
launch_simulation
source down_avg_2_tb.tcl
current_sim simulation_1
close_sim
relaunch_sim
close_sim
launch_simulation
source down_avg_2_tb.tcl
relaunch_sim
relaunch_sim
close_sim
launch_simulation
source down_avg_2_tb.tcl
relaunch_sim
relaunch_sim
relaunch_sim
current_wave_config {Untitled 4}
add_wave {{/down_avg_2_tb/uut/AVGS}} 
relaunch_sim
relaunch_sim
relaunch_sim
relaunch_sim
relaunch_sim
relaunch_sim
relaunch_sim
relaunch_sim
relaunch_sim
relaunch_sim
run 1 us
relaunch_sim
relaunch_sim
relaunch_sim
relaunch_sim
run 1 us
relaunch_sim
run 1 us
relaunch_sim
run 1 us
run 1 us
run 1 us
run 1 us
run 1 us
run 1 us
run 2 us
run 2 us
run 2 us
run 2 us
run 2 us
relaunch_sim
update_compile_order -fileset sim_1
relaunch_sim
update_compile_order -fileset sim_1
run 2 us
run 2 us
relaunch_sim
run 2 us
run 2 us
run 2 us
run 2 us
run 10 us
run 10 us
run 10 us
relaunch_sim
relaunch_sim
relaunch_sim
relaunch_sim
relaunch_sim
relaunch_sim
relaunch_sim
relaunch_sim
relaunch_sim
relaunch_sim
relaunch_sim
relaunch_sim
relaunch_sim
relaunch_sim
relaunch_sim
relaunch_sim
relaunch_sim
relaunch_sim
relaunch_sim
relaunch_sim
relaunch_sim
relaunch_sim
relaunch_sim
relaunch_sim
relaunch_sim
relaunch_sim
update_compile_order -fileset sim_1
relaunch_sim
relaunch_sim
update_compile_order -fileset sim_1
relaunch_sim
relaunch_sim
relaunch_sim
relaunch_sim
relaunch_sim
relaunch_sim
update_compile_order -fileset sim_1
update_compile_order -fileset sim_1
relaunch_sim
relaunch_sim
open_hw
close_hw
relaunch_sim
